# serializer version: 1
# name: test_file_dialog_input_click_event[False]
  list([
    dict({
      'id': 'stable_0',
      'result': dict({
        'realm': 'stable_1',
        'result': dict({
          'sharedId': 'stable_4',
          'type': 'node',
          'value': dict({
            'attributes': dict({
              'id': 'stable_3',
              'type': 'file',
            }),
            'childNodeCount': 0,
            'localName': 'input',
            'namespaceURI': 'http://www.w3.org/1999/xhtml',
            'nodeType': 1,
            'shadowRoot': dict({
              'sharedId': 'stable_2',
              'type': 'node',
              'value': dict({
                'childNodeCount': 2,
                'mode': 'closed',
                'nodeType': 11,
              }),
            }),
          }),
        }),
        'type': 'success',
      }),
      'type': 'success',
    }),
    dict({
      'method': 'input.fileDialogOpened',
      'params': dict({
        'context': 'stable_5',
        'element': dict({
          'sharedId': 'stable_4',
        }),
        'multiple': False,
      }),
      'type': 'event',
    }),
  ])
# ---
# name: test_file_dialog_input_click_event[True]
  list([
    dict({
      'id': 'stable_0',
      'result': dict({
        'realm': 'stable_1',
        'result': dict({
          'sharedId': 'stable_4',
          'type': 'node',
          'value': dict({
            'attributes': dict({
              'id': 'stable_3',
              'multiple': '',
              'type': 'file',
            }),
            'childNodeCount': 0,
            'localName': 'input',
            'namespaceURI': 'http://www.w3.org/1999/xhtml',
            'nodeType': 1,
            'shadowRoot': dict({
              'sharedId': 'stable_2',
              'type': 'node',
              'value': dict({
                'childNodeCount': 2,
                'mode': 'closed',
                'nodeType': 11,
              }),
            }),
          }),
        }),
        'type': 'success',
      }),
      'type': 'success',
    }),
    dict({
      'method': 'input.fileDialogOpened',
      'params': dict({
        'context': 'stable_5',
        'element': dict({
          'sharedId': 'stable_4',
        }),
        'multiple': True,
      }),
      'type': 'event',
    }),
  ])
# ---
# name: test_file_dialog_unhandled_prompt_behavior_input_cancel[capabilities0]
  list([
    dict({
      'id': 'stable_0',
      'result': dict({
        'realm': 'stable_1',
        'result': dict({
          'type': 'undefined',
        }),
        'type': 'success',
      }),
      'type': 'success',
    }),
    dict({
      'method': 'input.fileDialogOpened',
      'params': dict({
        'context': 'stable_2',
        'element': dict({
          'sharedId': 'stable_3',
        }),
        'multiple': False,
      }),
      'type': 'event',
    }),
    dict({
      'method': 'script.message',
      'params': dict({
        'channel': 'channel_name',
        'data': dict({
          'type': 'string',
          'value': '{"name":"cancel","event":{"isTrusted":true}}',
        }),
        'source': dict({
          'context': 'stable_2',
          'realm': 'stable_1',
        }),
      }),
      'type': 'event',
    }),
  ])
# ---
# name: test_file_dialog_unhandled_prompt_behavior_input_cancel[capabilities1]
  list([
    dict({
      'id': 'stable_0',
      'result': dict({
        'realm': 'stable_1',
        'result': dict({
          'type': 'undefined',
        }),
        'type': 'success',
      }),
      'type': 'success',
    }),
    dict({
      'method': 'input.fileDialogOpened',
      'params': dict({
        'context': 'stable_2',
        'element': dict({
          'sharedId': 'stable_3',
        }),
        'multiple': False,
      }),
      'type': 'event',
    }),
    dict({
      'method': 'script.message',
      'params': dict({
        'channel': 'channel_name',
        'data': dict({
          'type': 'string',
          'value': '{"name":"cancel","event":{"isTrusted":true}}',
        }),
        'source': dict({
          'context': 'stable_2',
          'realm': 'stable_1',
        }),
      }),
      'type': 'event',
    }),
  ])
# ---
# name: test_file_dialog_unhandled_prompt_behavior_input_cancel[capabilities2]
  list([
    dict({
      'id': 'stable_0',
      'result': dict({
        'realm': 'stable_1',
        'result': dict({
          'type': 'undefined',
        }),
        'type': 'success',
      }),
      'type': 'success',
    }),
    dict({
      'method': 'input.fileDialogOpened',
      'params': dict({
        'context': 'stable_2',
        'element': dict({
          'sharedId': 'stable_3',
        }),
        'multiple': False,
      }),
      'type': 'event',
    }),
    dict({
      'method': 'script.message',
      'params': dict({
        'channel': 'channel_name',
        'data': dict({
          'type': 'string',
          'value': '{"name":"cancel","event":{"isTrusted":true}}',
        }),
        'source': dict({
          'context': 'stable_2',
          'realm': 'stable_1',
        }),
      }),
      'type': 'event',
    }),
  ])
# ---
# name: test_file_dialog_unhandled_prompt_behavior_input_cancel[capabilities3]
  list([
    dict({
      'id': 'stable_0',
      'result': dict({
        'realm': 'stable_1',
        'result': dict({
          'type': 'undefined',
        }),
        'type': 'success',
      }),
      'type': 'success',
    }),
    dict({
      'method': 'input.fileDialogOpened',
      'params': dict({
        'context': 'stable_2',
        'element': dict({
          'sharedId': 'stable_3',
        }),
        'multiple': False,
      }),
      'type': 'event',
    }),
    dict({
      'method': 'script.message',
      'params': dict({
        'channel': 'channel_name',
        'data': dict({
          'type': 'string',
          'value': '{"name":"cancel","event":{"isTrusted":true}}',
        }),
        'source': dict({
          'context': 'stable_2',
          'realm': 'stable_1',
        }),
      }),
      'type': 'event',
    }),
  ])
# ---
# name: test_file_dialog_unhandled_prompt_behavior_input_cancel[capabilities4]
  list([
    dict({
      'id': 'stable_0',
      'result': dict({
        'realm': 'stable_1',
        'result': dict({
          'type': 'undefined',
        }),
        'type': 'success',
      }),
      'type': 'success',
    }),
    dict({
      'method': 'input.fileDialogOpened',
      'params': dict({
        'context': 'stable_2',
        'element': dict({
          'sharedId': 'stable_3',
        }),
        'multiple': False,
      }),
      'type': 'event',
    }),
    dict({
      'method': 'script.message',
      'params': dict({
        'channel': 'channel_name',
        'data': dict({
          'type': 'string',
          'value': '{"name":"cancel","event":{"isTrusted":true}}',
        }),
        'source': dict({
          'context': 'stable_2',
          'realm': 'stable_1',
        }),
      }),
      'type': 'event',
    }),
  ])
# ---
# name: test_file_dialog_unhandled_prompt_behavior_input_cancel[capabilities5]
  list([
    dict({
      'id': 'stable_0',
      'result': dict({
        'realm': 'stable_1',
        'result': dict({
          'type': 'undefined',
        }),
        'type': 'success',
      }),
      'type': 'success',
    }),
    dict({
      'method': 'input.fileDialogOpened',
      'params': dict({
        'context': 'stable_2',
        'element': dict({
          'sharedId': 'stable_3',
        }),
        'multiple': False,
      }),
      'type': 'event',
    }),
    dict({
      'method': 'script.message',
      'params': dict({
        'channel': 'channel_name',
        'data': dict({
          'type': 'string',
          'value': '{"name":"cancel","event":{"isTrusted":true}}',
        }),
        'source': dict({
          'context': 'stable_2',
          'realm': 'stable_1',
        }),
      }),
      'type': 'event',
    }),
  ])
# ---
# name: test_file_dialog_unhandled_prompt_behavior_input_cancel[capabilities6]
  list([
    dict({
      'id': 'stable_0',
      'result': dict({
        'realm': 'stable_1',
        'result': dict({
          'type': 'undefined',
        }),
        'type': 'success',
      }),
      'type': 'success',
    }),
    dict({
      'method': 'input.fileDialogOpened',
      'params': dict({
        'context': 'stable_2',
        'element': dict({
          'sharedId': 'stable_3',
        }),
        'multiple': False,
      }),
      'type': 'event',
    }),
    dict({
      'method': 'script.message',
      'params': dict({
        'channel': 'channel_name',
        'data': dict({
          'type': 'string',
          'value': '{"name":"cancel","event":{"isTrusted":true}}',
        }),
        'source': dict({
          'context': 'stable_2',
          'realm': 'stable_1',
        }),
      }),
      'type': 'event',
    }),
  ])
# ---
# name: test_file_dialog_unhandled_prompt_behavior_input_cancel[capabilities7]
  list([
    dict({
      'id': 'stable_0',
      'result': dict({
        'realm': 'stable_1',
        'result': dict({
          'type': 'undefined',
        }),
        'type': 'success',
      }),
      'type': 'success',
    }),
    dict({
      'method': 'input.fileDialogOpened',
      'params': dict({
        'context': 'stable_2',
        'element': dict({
          'sharedId': 'stable_3',
        }),
        'multiple': False,
      }),
      'type': 'event',
    }),
    dict({
      'method': 'script.message',
      'params': dict({
        'channel': 'channel_name',
        'data': dict({
          'type': 'string',
          'value': '{"name":"cancel","event":{"isTrusted":true}}',
        }),
        'source': dict({
          'context': 'stable_2',
          'realm': 'stable_1',
        }),
      }),
      'type': 'event',
    }),
  ])
# ---
# name: test_file_dialog_unhandled_prompt_behavior_input_ignore[capabilities0]
  list([
    dict({
      'id': 'stable_0',
      'result': dict({
        'realm': 'stable_1',
        'result': dict({
          'type': 'undefined',
        }),
        'type': 'success',
      }),
      'type': 'success',
    }),
    dict({
      'method': 'input.fileDialogOpened',
      'params': dict({
        'context': 'stable_2',
        'element': dict({
          'sharedId': 'stable_3',
        }),
        'multiple': False,
      }),
      'type': 'event',
    }),
  ])
# ---
# name: test_file_dialog_unhandled_prompt_behavior_input_ignore[capabilities1]
  list([
    dict({
      'id': 'stable_0',
      'result': dict({
        'realm': 'stable_1',
        'result': dict({
          'type': 'undefined',
        }),
        'type': 'success',
      }),
      'type': 'success',
    }),
    dict({
      'method': 'input.fileDialogOpened',
      'params': dict({
        'context': 'stable_2',
        'element': dict({
          'sharedId': 'stable_3',
        }),
        'multiple': False,
      }),
      'type': 'event',
    }),
  ])
# ---
# name: test_file_dialog_unhandled_prompt_behavior_input_ignore[capabilities2]
  list([
    dict({
      'id': 'stable_0',
      'result': dict({
        'realm': 'stable_1',
        'result': dict({
          'type': 'undefined',
        }),
        'type': 'success',
      }),
      'type': 'success',
    }),
    dict({
      'method': 'input.fileDialogOpened',
      'params': dict({
        'context': 'stable_2',
        'element': dict({
          'sharedId': 'stable_3',
        }),
        'multiple': False,
      }),
      'type': 'event',
    }),
  ])
# ---
# name: test_file_dialog_unhandled_prompt_behavior_input_ignore[capabilities3]
  list([
    dict({
      'id': 'stable_0',
      'result': dict({
        'realm': 'stable_1',
        'result': dict({
          'type': 'undefined',
        }),
        'type': 'success',
      }),
      'type': 'success',
    }),
    dict({
      'method': 'input.fileDialogOpened',
      'params': dict({
        'context': 'stable_2',
        'element': dict({
          'sharedId': 'stable_3',
        }),
        'multiple': False,
      }),
      'type': 'event',
    }),
  ])
# ---
