# serializer version: 1
# name: test_geolocation_emulate_unavailable
  dict({
    'type': 'object',
    'value': list([
      list([
        'code',
        dict({
          'type': 'number',
          'value': 2,
        }),
      ]),
    ]),
  })
# ---
# name: test_geolocation_per_user_context
  dict({
    'type': 'object',
    'value': list([
      list([
        'accuracy',
        dict({
          'type': 'number',
          'value': 3.003,
        }),
      ]),
      list([
        'latitude',
        dict({
          'type': 'number',
          'value': 1.001,
        }),
      ]),
      list([
        'longitude',
        dict({
          'type': 'number',
          'value': 2.002,
        }),
      ]),
      list([
        'altitude',
        dict({
          'type': 'number',
          'value': 4.004,
        }),
      ]),
      list([
        'altitudeAccuracy',
        dict({
          'type': 'number',
          'value': 5.005,
        }),
      ]),
      list([
        'heading',
        dict({
          'type': 'number',
          'value': 6.006,
        }),
      ]),
      list([
        'speed',
        dict({
          'type': 'number',
          'value': 7.007,
        }),
      ]),
    ]),
  })
# ---
# name: test_geolocation_per_user_context.1
  dict({
    'type': 'object',
    'value': list([
      list([
        'accuracy',
        dict({
          'type': 'number',
          'value': 10.01,
        }),
      ]),
      list([
        'latitude',
        dict({
          'type': 'number',
          'value': 8.008,
        }),
      ]),
      list([
        'longitude',
        dict({
          'type': 'number',
          'value': 9.009,
        }),
      ]),
      list([
        'altitude',
        dict({
          'type': 'null',
        }),
      ]),
      list([
        'altitudeAccuracy',
        dict({
          'type': 'null',
        }),
      ]),
      list([
        'heading',
        dict({
          'type': 'null',
        }),
      ]),
      list([
        'speed',
        dict({
          'type': 'null',
        }),
      ]),
    ]),
  })
# ---
# name: test_geolocation_set_and_clear
  dict({
    'type': 'object',
    'value': list([
      list([
        'accuracy',
        dict({
          'type': 'number',
          'value': 3.003,
        }),
      ]),
      list([
        'latitude',
        dict({
          'type': 'number',
          'value': 1.001,
        }),
      ]),
      list([
        'longitude',
        dict({
          'type': 'number',
          'value': 2.002,
        }),
      ]),
      list([
        'altitude',
        dict({
          'type': 'number',
          'value': 4.004,
        }),
      ]),
      list([
        'altitudeAccuracy',
        dict({
          'type': 'number',
          'value': 5.005,
        }),
      ]),
      list([
        'heading',
        dict({
          'type': 'number',
          'value': 6.006,
        }),
      ]),
      list([
        'speed',
        dict({
          'type': 'number',
          'value': 7.007,
        }),
      ]),
    ]),
  })
# ---
# name: test_geolocation_set_and_clear.1
  dict({
    'type': 'object',
    'value': list([
      list([
        'accuracy',
        dict({
          'type': 'number',
          'value': 10.01,
        }),
      ]),
      list([
        'latitude',
        dict({
          'type': 'number',
          'value': 8.008,
        }),
      ]),
      list([
        'longitude',
        dict({
          'type': 'number',
          'value': 9.009,
        }),
      ]),
      list([
        'altitude',
        dict({
          'type': 'null',
        }),
      ]),
      list([
        'altitudeAccuracy',
        dict({
          'type': 'null',
        }),
      ]),
      list([
        'heading',
        dict({
          'type': 'null',
        }),
      ]),
      list([
        'speed',
        dict({
          'type': 'null',
        }),
      ]),
    ]),
  })
# ---
